../Core/Src/RDM.c:8:11:Calc_checksum	8	static
../Core/Src/RDM.c:16:10:Set_frame	80	static
../Core/Src/RDM.c:91:10:DISC_unique_branch	72	static
../Core/Src/RDM.c:104:10:DISC_mute	72	static
../Core/Src/RDM.c:120:10:DISC_un_mute	72	static
../Core/Src/RDM.c:136:10:GET_supported_parameters	72	static
../Core/Src/RDM.c:150:10:GET_parameter_description	72	static
../Core/Src/RDM.c:166:10:GET_device_info	72	static
../Core/Src/RDM.c:182:10:GET_software_version_label	72	static
../Core/Src/RDM.c:197:10:GET_dmx_start_address	72	static
../Core/Src/RDM.c:212:10:GET_identify_device	72	static
../Core/Src/RDM.c:227:10:SET_dmx_start_address	80	static
../Core/Src/RDM.c:242:10:SET_identify_device	80	static
