Archive member included to satisfy reference by file (symbol)

c:/st/stm32cubeide_1.12.0/stm32cubeide/plugins/com.st.stm32cube.ide.mcu.externaltools.gnu-tools-for-stm32.10.3-2021.10.win32_1.0.200.202301161003/tools/bin/../lib/gcc/arm-none-eabi/10.3.1/../../../../arm-none-eabi/lib/thumb/v6-m/nofp\libc_nano.a(lib_a-errno.o)
                              ./Core/Src/syscalls.o (__errno)
c:/st/stm32cubeide_1.12.0/stm32cubeide/plugins/com.st.stm32cube.ide.mcu.externaltools.gnu-tools-for-stm32.10.3-2021.10.win32_1.0.200.202301161003/tools/bin/../lib/gcc/arm-none-eabi/10.3.1/../../../../arm-none-eabi/lib/thumb/v6-m/nofp\libc_nano.a(lib_a-exit.o)
                              c:/st/stm32cubeide_1.12.0/stm32cubeide/plugins/com.st.stm32cube.ide.mcu.externaltools.gnu-tools-for-stm32.10.3-2021.10.win32_1.0.200.202301161003/tools/bin/../lib/gcc/arm-none-eabi/10.3.1/../../../../arm-none-eabi/lib/thumb/v6-m/nofp/crt0.o (exit)
c:/st/stm32cubeide_1.12.0/stm32cubeide/plugins/com.st.stm32cube.ide.mcu.externaltools.gnu-tools-for-stm32.10.3-2021.10.win32_1.0.200.202301161003/tools/bin/../lib/gcc/arm-none-eabi/10.3.1/../../../../arm-none-eabi/lib/thumb/v6-m/nofp\libc_nano.a(lib_a-impure.o)
                              c:/st/stm32cubeide_1.12.0/stm32cubeide/plugins/com.st.stm32cube.ide.mcu.externaltools.gnu-tools-for-stm32.10.3-2021.10.win32_1.0.200.202301161003/tools/bin/../lib/gcc/arm-none-eabi/10.3.1/../../../../arm-none-eabi/lib/thumb/v6-m/nofp\libc_nano.a(lib_a-exit.o) (_global_impure_ptr)
c:/st/stm32cubeide_1.12.0/stm32cubeide/plugins/com.st.stm32cube.ide.mcu.externaltools.gnu-tools-for-stm32.10.3-2021.10.win32_1.0.200.202301161003/tools/bin/../lib/gcc/arm-none-eabi/10.3.1/../../../../arm-none-eabi/lib/thumb/v6-m/nofp\libc_nano.a(lib_a-init.o)
                              c:/st/stm32cubeide_1.12.0/stm32cubeide/plugins/com.st.stm32cube.ide.mcu.externaltools.gnu-tools-for-stm32.10.3-2021.10.win32_1.0.200.202301161003/tools/bin/../lib/gcc/arm-none-eabi/10.3.1/../../../../arm-none-eabi/lib/thumb/v6-m/nofp/crt0.o (__libc_init_array)
c:/st/stm32cubeide_1.12.0/stm32cubeide/plugins/com.st.stm32cube.ide.mcu.externaltools.gnu-tools-for-stm32.10.3-2021.10.win32_1.0.200.202301161003/tools/bin/../lib/gcc/arm-none-eabi/10.3.1/../../../../arm-none-eabi/lib/thumb/v6-m/nofp\libc_nano.a(lib_a-malloc.o)
                              ./Core/Src/RDM.o (malloc)
c:/st/stm32cubeide_1.12.0/stm32cubeide/plugins/com.st.stm32cube.ide.mcu.externaltools.gnu-tools-for-stm32.10.3-2021.10.win32_1.0.200.202301161003/tools/bin/../lib/gcc/arm-none-eabi/10.3.1/../../../../arm-none-eabi/lib/thumb/v6-m/nofp\libc_nano.a(lib_a-memset.o)
                              c:/st/stm32cubeide_1.12.0/stm32cubeide/plugins/com.st.stm32cube.ide.mcu.externaltools.gnu-tools-for-stm32.10.3-2021.10.win32_1.0.200.202301161003/tools/bin/../lib/gcc/arm-none-eabi/10.3.1/../../../../arm-none-eabi/lib/thumb/v6-m/nofp/crt0.o (memset)
c:/st/stm32cubeide_1.12.0/stm32cubeide/plugins/com.st.stm32cube.ide.mcu.externaltools.gnu-tools-for-stm32.10.3-2021.10.win32_1.0.200.202301161003/tools/bin/../lib/gcc/arm-none-eabi/10.3.1/../../../../arm-none-eabi/lib/thumb/v6-m/nofp\libc_nano.a(lib_a-nano-freer.o)
                              c:/st/stm32cubeide_1.12.0/stm32cubeide/plugins/com.st.stm32cube.ide.mcu.externaltools.gnu-tools-for-stm32.10.3-2021.10.win32_1.0.200.202301161003/tools/bin/../lib/gcc/arm-none-eabi/10.3.1/../../../../arm-none-eabi/lib/thumb/v6-m/nofp\libc_nano.a(lib_a-malloc.o) (_free_r)
c:/st/stm32cubeide_1.12.0/stm32cubeide/plugins/com.st.stm32cube.ide.mcu.externaltools.gnu-tools-for-stm32.10.3-2021.10.win32_1.0.200.202301161003/tools/bin/../lib/gcc/arm-none-eabi/10.3.1/../../../../arm-none-eabi/lib/thumb/v6-m/nofp\libc_nano.a(lib_a-nano-mallocr.o)
                              c:/st/stm32cubeide_1.12.0/stm32cubeide/plugins/com.st.stm32cube.ide.mcu.externaltools.gnu-tools-for-stm32.10.3-2021.10.win32_1.0.200.202301161003/tools/bin/../lib/gcc/arm-none-eabi/10.3.1/../../../../arm-none-eabi/lib/thumb/v6-m/nofp\libc_nano.a(lib_a-malloc.o) (_malloc_r)
c:/st/stm32cubeide_1.12.0/stm32cubeide/plugins/com.st.stm32cube.ide.mcu.externaltools.gnu-tools-for-stm32.10.3-2021.10.win32_1.0.200.202301161003/tools/bin/../lib/gcc/arm-none-eabi/10.3.1/../../../../arm-none-eabi/lib/thumb/v6-m/nofp\libc_nano.a(lib_a-printf.o)
                              ./Core/Src/DMX.o (printf)
c:/st/stm32cubeide_1.12.0/stm32cubeide/plugins/com.st.stm32cube.ide.mcu.externaltools.gnu-tools-for-stm32.10.3-2021.10.win32_1.0.200.202301161003/tools/bin/../lib/gcc/arm-none-eabi/10.3.1/../../../../arm-none-eabi/lib/thumb/v6-m/nofp\libc_nano.a(lib_a-sbrkr.o)
                              c:/st/stm32cubeide_1.12.0/stm32cubeide/plugins/com.st.stm32cube.ide.mcu.externaltools.gnu-tools-for-stm32.10.3-2021.10.win32_1.0.200.202301161003/tools/bin/../lib/gcc/arm-none-eabi/10.3.1/../../../../arm-none-eabi/lib/thumb/v6-m/nofp\libc_nano.a(lib_a-nano-mallocr.o) (_sbrk_r)
[...]
Memory Configuration

Name             Origin             Length             Attributes
RAM              0x0000000020000000 0x0000000000002000 xrw
FLASH            0x0000000008000000 0x0000000000010000 xr
*default*        0x0000000000000000 0xffffffffffffffff

Linker script and memory map

LOAD c:/st/stm32cubeide_1.12.0/stm32cubeide/plugins/com.st.stm32cube.ide.mcu.externaltools.gnu-tools-for-stm32.10.3-2021.10.win32_1.0.200.202301161003/tools/bin/../lib/gcc/arm-none-eabi/10.3.1/thumb/v6-m/nofp/crti.o
LOAD c:/st/stm32cubeide_1.12.0/stm32cubeide/plugins/com.st.stm32cube.ide.mcu.externaltools.gnu-tools-for-stm32.10.3-2021.10.win32_1.0.200.202301161003/tools/bin/../lib/gcc/arm-none-eabi/10.3.1/thumb/v6-m/nofp/crtbegin.o
LOAD c:/st/stm32cubeide_1.12.0/stm32cubeide/plugins/com.st.stm32cube.ide.mcu.externaltools.gnu-tools-for-stm32.10.3-2021.10.win32_1.0.200.202301161003/tools/bin/../lib/gcc/arm-none-eabi/10.3.1/../../../../arm-none-eabi/lib/thumb/v6-m/nofp/crt0.o
LOAD ./Core/Src/DMX.o
LOAD ./Core/Src/RDM.o
LOAD ./Core/Src/Split_frame.o
LOAD ./Core/Src/main.o
LOAD ./Core/Src/stm32f0xx_hal_msp.o
LOAD ./Core/Src/stm32f0xx_it.o
LOAD ./Core/Src/syscalls.o
LOAD ./Core/Src/sysmem.o
LOAD ./Core/Src/system_stm32f0xx.o
LOAD ./Core/Startup/startup_stm32f051r8tx.o
LOAD ./Drivers/STM32F0xx_HAL_Driver/Src/stm32f0xx_hal.o
LOAD ./Drivers/STM32F0xx_HAL_Driver/Src/stm32f0xx_hal_cortex.o
LOAD ./Drivers/STM32F0xx_HAL_Driver/Src/stm32f0xx_hal_dma.o
LOAD ./Drivers/STM32F0xx_HAL_Driver/Src/stm32f0xx_hal_exti.o
LOAD ./Drivers/STM32F0xx_HAL_Driver/Src/stm32f0xx_hal_flash.o
LOAD ./Drivers/STM32F0xx_HAL_Driver/Src/stm32f0xx_hal_flash_ex.o
LOAD ./Drivers/STM32F0xx_HAL_Driver/Src/stm32f0xx_hal_gpio.o
LOAD ./Drivers/STM32F0xx_HAL_Driver/Src/stm32f0xx_hal_i2c.o
LOAD ./Drivers/STM32F0xx_HAL_Driver/Src/stm32f0xx_hal_i2c_ex.o
LOAD ./Drivers/STM32F0xx_HAL_Driver/Src/stm32f0xx_hal_pwr.o
LOAD ./Drivers/STM32F0xx_HAL_Driver/Src/stm32f0xx_hal_pwr_ex.o
LOAD ./Drivers/STM32F0xx_HAL_Driver/Src/stm32f0xx_hal_rcc.o
LOAD ./Drivers/STM32F0xx_HAL_Driver/Src/stm32f0xx_hal_rcc_ex.o
LOAD ./Drivers/STM32F0xx_HAL_Driver/Src/stm32f0xx_hal_tim.o
LOAD ./Drivers/STM32F0xx_HAL_Driver/Src/stm32f0xx_hal_tim_ex.o
LOAD ./Drivers/STM32F0xx_HAL_Driver/Src/stm32f0xx_hal_uart.o
LOAD ./Drivers/STM32F0xx_HAL_Driver/Src/stm32f0xx_hal_uart_ex.o
START GROUP
LOAD c:/st/stm32cubeide_1.12.0/stm32cubeide/plugins/com.st.stm32cube.ide.mcu.externaltools.gnu-tools-for-stm32.10.3-2021.10.win32_1.0.200.202301161003/tools/bin/../lib/gcc/arm-none-eabi/10.3.1/../../../../arm-none-eabi/lib/thumb/v6-m/nofp\libc_nano.a
LOAD c:/st/stm32cubeide_1.12.0/stm32cubeide/plugins/com.st.stm32cube.ide.mcu.externaltools.gnu-tools-for-stm32.10.3-2021.10.win32_1.0.200.202301161003/tools/bin/../lib/gcc/arm-none-eabi/10.3.1/../../../../arm-none-eabi/lib/thumb/v6-m/nofp\libm.a
END GROUP
START GROUP
LOAD c:/st/stm32cubeide_1.12.0/stm32cubeide/plugins/com.st.stm32cube.ide.mcu.externaltools.gnu-tools-for-stm32.10.3-2021.10.win32_1.0.200.202301161003/tools/bin/../lib/gcc/arm-none-eabi/10.3.1/thumb/v6-m/nofp\libgcc.a
LOAD c:/st/stm32cubeide_1.12.0/stm32cubeide/plugins/com.st.stm32cube.ide.mcu.externaltools.gnu-tools-for-stm32.10.3-2021.10.win32_1.0.200.202301161003/tools/bin/../lib/gcc/arm-none-eabi/10.3.1/../../../../arm-none-eabi/lib/thumb/v6-m/nofp\libc_nano.a
END GROUP
START GROUP
LOAD c:/st/stm32cubeide_1.12.0/stm32cubeide/plugins/com.st.stm32cube.ide.mcu.externaltools.gnu-tools-for-stm32.10.3-2021.10.win32_1.0.200.202301161003/tools/bin/../lib/gcc/arm-none-eabi/10.3.1/thumb/v6-m/nofp\libgcc.a
LOAD c:/st/stm32cubeide_1.12.0/stm32cubeide/plugins/com.st.stm32cube.ide.mcu.externaltools.gnu-tools-for-stm32.10.3-2021.10.win32_1.0.200.202301161003/tools/bin/../lib/gcc/arm-none-eabi/10.3.1/../../../../arm-none-eabi/lib/thumb/v6-m/nofp\libc_nano.a
LOAD c:/st/stm32cubeide_1.12.0/stm32cubeide/plugins/com.st.stm32cube.ide.mcu.externaltools.gnu-tools-for-stm32.10.3-2021.10.win32_1.0.200.202301161003/tools/bin/../lib/gcc/arm-none-eabi/10.3.1/../../../../arm-none-eabi/lib/thumb/v6-m/nofp\libnosys.a
END GROUP
START GROUP
LOAD c:/st/stm32cubeide_1.12.0/stm32cubeide/plugins/com.st.stm32cube.ide.mcu.externaltools.gnu-tools-for-stm32.10.3-2021.10.win32_1.0.200.202301161003/tools/bin/../lib/gcc/arm-none-eabi/10.3.1/thumb/v6-m/nofp\libgcc.a
LOAD c:/st/stm32cubeide_1.12.0/stm32cubeide/plugins/com.st.stm32cube.ide.mcu.externaltools.gnu-tools-for-stm32.10.3-2021.10.win32_1.0.200.202301161003/tools/bin/../lib/gcc/arm-none-eabi/10.3.1/../../../../arm-none-eabi/lib/thumb/v6-m/nofp\libc_nano.a
LOAD c:/st/stm32cubeide_1.12.0/stm32cubeide/plugins/com.st.stm32cube.ide.mcu.externaltools.gnu-tools-for-stm32.10.3-2021.10.win32_1.0.200.202301161003/tools/bin/../lib/gcc/arm-none-eabi/10.3.1/../../../../arm-none-eabi/lib/thumb/v6-m/nofp\libnosys.a
END GROUP
LOAD c:/st/stm32cubeide_1.12.0/stm32cubeide/plugins/com.st.stm32cube.ide.mcu.externaltools.gnu-tools-for-stm32.10.3-2021.10.win32_1.0.200.202301161003/tools/bin/../lib/gcc/arm-none-eabi/10.3.1/thumb/v6-m/nofp/crtend.o
LOAD c:/st/stm32cubeide_1.12.0/stm32cubeide/plugins/com.st.stm32cube.ide.mcu.externaltools.gnu-tools-for-stm32.10.3-2021.10.win32_1.0.200.202301161003/tools/bin/../lib/gcc/arm-none-eabi/10.3.1/thumb/v6-m/nofp/crtn.o
                0x0000000020002000                _estack = (ORIGIN (RAM) + LENGTH (RAM))
                0x0000000000000200                _Min_Heap_Size = 0x200
                0x0000000000000400                _Min_Stack_Size = 0x400

.isr_vector     0x0000000008000000       0xc0
                0x0000000008000000                . = ALIGN (0x4)
 *(.isr_vector)
 .isr_vector    0x0000000008000000       0xc0 ./Core/Startup/startup_stm32f051r8tx.o
                0x0000000008000000                g_pfnVectors
                0x00000000080000c0                . = ALIGN (0x4)

.text           0x00000000080000c0     0x2b5c
                0x00000000080000c0                . = ALIGN (0x4)
 *(.text)
 .text          0x00000000080000c0       0x48 c:/st/stm32cubeide_1.12.0/stm32cubeide/plugins/com.st.stm32cube.ide.mcu.externaltools.gnu-tools-for-stm32.10.3-2021.10.win32_1.0.200.202301161003/tools/bin/../lib/gcc/arm-none-eabi/10.3.1/thumb/v6-m/nofp/crtbegin.o
 .text          0x0000000008000108      0x114 c:/st/stm32cubeide_1.12.0/stm32cubeide/plugins/com.st.stm32cube.ide.mcu.externaltools.gnu-tools-for-stm32.10.3-2021.10.win32_1.0.200.202301161003/tools/bin/../lib/gcc/arm-none-eabi/10.3.1/thumb/v6-m/nofp\libgcc.a(_udivsi3.o)
                0x0000000008000108                __aeabi_uidiv
                0x0000000008000108                __udivsi3
                0x0000000008000214                __aeabi_uidivmod
 .text          0x000000000800021c        0x4 c:/st/stm32cubeide_1.12.0/stm32cubeide/plugins/com.st.stm32cube.ide.mcu.externaltools.gnu-tools-for-stm32.10.3-2021.10.win32_1.0.200.202301161003/tools/bin/../lib/gcc/arm-none-eabi/10.3.1/thumb/v6-m/nofp\libgcc.a(_dvmd_tls.o)
                0x000000000800021c                __aeabi_idiv0
                0x000000000800021c                __aeabi_ldiv0
 *(.text*)
 .text.main     0x0000000008000220       0xbc ./Core/Src/main.o
                0x0000000008000220                main
 .text.DMX_send_command
                0x00000000080002dc       0x8c ./Core/Src/main.o
                0x00000000080002dc                DMX_send_command
 .text.DMX_GPIO_Init
                0x0000000008000368       0x50 ./Core/Src/main.o
 .text.delay_us
                0x00000000080003b8       0x2c ./Core/Src/main.o
                0x00000000080003b8                delay_us
 .text.SystemClock_Config
                0x00000000080003e4       0xc2 ./Core/Src/main.o
                0x00000000080003e4                SystemClock_Config
 *fill*         0x00000000080004a6        0x2 
 .text.MX_TIM2_Init
                0x00000000080004a8       0xa8 ./Core/Src/main.o
 .text.MX_USART1_UART_Init
                0x0000000008000550       0x64 ./Core/Src/main.o
 .text.MX_USART2_UART_Init
                0x00000000080005b4       0x64 ./Core/Src/main.o
 .text.MX_GPIO_Init
                0x0000000008000618       0xec ./Core/Src/main.o
 .text.Error_Handler
                0x0000000008000704        0xa ./Core/Src/main.o
                0x0000000008000704                Error_Handler
 *fill*         0x000000000800070e        0x2 
 .text.HAL_MspInit
                0x0000000008000710       0x48 ./Core/Src/stm32f0xx_hal_msp.o
                0x0000000008000710                HAL_MspInit
 .text.HAL_TIM_Base_MspInit
                0x0000000008000758       0x38 ./Core/Src/stm32f0xx_hal_msp.o
                0x0000000008000758                HAL_TIM_Base_MspInit
 .text.HAL_UART_MspInit
                0x0000000008000790      0x110 ./Core/Src/stm32f0xx_hal_msp.o
                0x0000000008000790                HAL_UART_MspInit
 .text.HAL_UART_MspDeInit
                0x00000000080008a0       0x70 ./Core/Src/stm32f0xx_hal_msp.o
                0x00000000080008a0                HAL_UART_MspDeInit
 .text.NMI_Handler
                0x0000000008000910        0x6 ./Core/Src/stm32f0xx_it.o
                0x0000000008000910                NMI_Handler
 .text.HardFault_Handler
                0x0000000008000916        0x6 ./Core/Src/stm32f0xx_it.o
                0x0000000008000916                HardFault_Handler
 .text.SVC_Handler
                0x000000000800091c        0xa ./Core/Src/stm32f0xx_it.o
                0x000000000800091c                SVC_Handler
 .text.PendSV_Handler
                0x0000000008000926        0xa ./Core/Src/stm32f0xx_it.o
                0x0000000008000926                PendSV_Handler
 .text.SysTick_Handler
                0x0000000008000930        0xe ./Core/Src/stm32f0xx_it.o
                0x0000000008000930                SysTick_Handler
 .text.SystemInit
                0x000000000800093e        0xa ./Core/Src/system_stm32f0xx.o
                0x000000000800093e                SystemInit
 .text.Reset_Handler
                0x0000000008000948       0x50 ./Core/Startup/startup_stm32f051r8tx.o
                0x0000000008000948                Reset_Handler
 .text.Default_Handler
                0x0000000008000998        0x2 ./Core/Startup/startup_stm32f051r8tx.o
                0x0000000008000998                TIM1_CC_IRQHandler
                0x0000000008000998                TSC_IRQHandler
                0x0000000008000998                ADC1_COMP_IRQHandler
                0x0000000008000998                PVD_IRQHandler
                0x0000000008000998                I2C1_IRQHandler
                0x0000000008000998                RCC_CRS_IRQHandler
                0x0000000008000998                SPI1_IRQHandler
                0x0000000008000998                TIM6_DAC_IRQHandler
                0x0000000008000998                EXTI2_3_IRQHandler
                0x0000000008000998                I2C2_IRQHandler
                0x0000000008000998                TIM17_IRQHandler
                0x0000000008000998                CEC_CAN_IRQHandler
                0x0000000008000998                RTC_IRQHandler
                0x0000000008000998                TIM16_IRQHandler
                0x0000000008000998                TIM3_IRQHandler
                0x0000000008000998                EXTI4_15_IRQHandler
                0x0000000008000998                DMA1_Channel1_IRQHandler
                0x0000000008000998                Default_Handler
                0x0000000008000998                TIM14_IRQHandler
                0x0000000008000998                DMA1_Channel4_5_IRQHandler
                0x0000000008000998                TIM15_IRQHandler
                0x0000000008000998                EXTI0_1_IRQHandler
                0x0000000008000998                SPI2_IRQHandler
                0x0000000008000998                WWDG_IRQHandler
                0x0000000008000998                TIM2_IRQHandler
                0x0000000008000998                DMA1_Channel2_3_IRQHandler
                0x0000000008000998                USART2_IRQHandler
                0x0000000008000998                FLASH_IRQHandler
                0x0000000008000998                USART1_IRQHandler
                0x0000000008000998                TIM1_BRK_UP_TRG_COM_IRQHandler
 *fill*         0x000000000800099a        0x2 
 .text.HAL_Init
                0x000000000800099c       0x28 ./Drivers/STM32F0xx_HAL_Driver/Src/stm32f0xx_hal.o
                0x000000000800099c                HAL_Init
 .text.HAL_InitTick
                0x00000000080009c4       0x68 ./Drivers/STM32F0xx_HAL_Driver/Src/stm32f0xx_hal.o
                0x00000000080009c4                HAL_InitTick
 .text.HAL_IncTick
                0x0000000008000a2c       0x24 ./Drivers/STM32F0xx_HAL_Driver/Src/stm32f0xx_hal.o
                0x0000000008000a2c                HAL_IncTick
 .text.HAL_GetTick
                0x0000000008000a50       0x14 ./Drivers/STM32F0xx_HAL_Driver/Src/stm32f0xx_hal.o
                0x0000000008000a50                HAL_GetTick
 .text.__NVIC_SetPriority
                0x0000000008000a64       0xdc ./Drivers/STM32F0xx_HAL_Driver/Src/stm32f0xx_hal_cortex.o
 .text.SysTick_Config
                0x0000000008000b40       0x48 ./Drivers/STM32F0xx_HAL_Driver/Src/stm32f0xx_hal_cortex.o
 .text.HAL_NVIC_SetPriority
                0x0000000008000b88       0x2a ./Drivers/STM32F0xx_HAL_Driver/Src/stm32f0xx_hal_cortex.o
                0x0000000008000b88                HAL_NVIC_SetPriority
 .text.HAL_SYSTICK_Config
                0x0000000008000bb2       0x1a ./Drivers/STM32F0xx_HAL_Driver/Src/stm32f0xx_hal_cortex.o
                0x0000000008000bb2                HAL_SYSTICK_Config
 .text.HAL_GPIO_Init
                0x0000000008000bcc      0x2e0 ./Drivers/STM32F0xx_HAL_Driver/Src/stm32f0xx_hal_gpio.o
                0x0000000008000bcc                HAL_GPIO_Init
 .text.HAL_GPIO_DeInit
                0x0000000008000eac      0x1a0 ./Drivers/STM32F0xx_HAL_Driver/Src/stm32f0xx_hal_gpio.o
                0x0000000008000eac                HAL_GPIO_DeInit
 .text.HAL_GPIO_WritePin
                0x000000000800104c       0x3a ./Drivers/STM32F0xx_HAL_Driver/Src/stm32f0xx_hal_gpio.o
                0x000000000800104c                HAL_GPIO_WritePin
 *fill*         0x0000000008001086        0x2 
 .text.HAL_RCC_OscConfig
                0x0000000008001088      0x634 ./Drivers/STM32F0xx_HAL_Driver/Src/stm32f0xx_hal_rcc.o
                0x0000000008001088                HAL_RCC_OscConfig
 .text.HAL_RCC_ClockConfig
                0x00000000080016bc      0x19c ./Drivers/STM32F0xx_HAL_Driver/Src/stm32f0xx_hal_rcc.o
                0x00000000080016bc                HAL_RCC_ClockConfig
 .text.HAL_RCC_GetSysClockFreq
                0x0000000008001858       0xac ./Drivers/STM32F0xx_HAL_Driver/Src/stm32f0xx_hal_rcc.o
                0x0000000008001858                HAL_RCC_GetSysClockFreq
 .text.HAL_RCC_GetHCLKFreq
                0x0000000008001904       0x14 ./Drivers/STM32F0xx_HAL_Driver/Src/stm32f0xx_hal_rcc.o
                0x0000000008001904                HAL_RCC_GetHCLKFreq
 .text.HAL_RCC_GetPCLK1Freq
                0x0000000008001918       0x2c ./Drivers/STM32F0xx_HAL_Driver/Src/stm32f0xx_hal_rcc.o
                0x0000000008001918                HAL_RCC_GetPCLK1Freq
 .text.HAL_RCCEx_PeriphCLKConfig
                0x0000000008001944      0x1bc ./Drivers/STM32F0xx_HAL_Driver/Src/stm32f0xx_hal_rcc_ex.o
                0x0000000008001944                HAL_RCCEx_PeriphCLKConfig
 .text.HAL_TIM_Base_Init
                0x0000000008001b00       0xa0 ./Drivers/STM32F0xx_HAL_Driver/Src/stm32f0xx_hal_tim.o
                0x0000000008001b00                HAL_TIM_Base_Init
 .text.HAL_TIM_Base_Start
                0x0000000008001ba0       0x94 ./Drivers/STM32F0xx_HAL_Driver/Src/stm32f0xx_hal_tim.o
                0x0000000008001ba0                HAL_TIM_Base_Start
 .text.HAL_TIM_ConfigClockSource
                0x0000000008001c34      0x1a8 ./Drivers/STM32F0xx_HAL_Driver/Src/stm32f0xx_hal_tim.o
                0x0000000008001c34                HAL_TIM_ConfigClockSource
 .text.TIM_Base_SetConfig
                0x0000000008001ddc      0x100 ./Drivers/STM32F0xx_HAL_Driver/Src/stm32f0xx_hal_tim.o
                0x0000000008001ddc                TIM_Base_SetConfig
 .text.TIM_TI1_ConfigInputStage
                0x0000000008001edc       0x5c ./Drivers/STM32F0xx_HAL_Driver/Src/stm32f0xx_hal_tim.o
 .text.TIM_TI2_ConfigInputStage
                0x0000000008001f38       0x64 ./Drivers/STM32F0xx_HAL_Driver/Src/stm32f0xx_hal_tim.o
 .text.TIM_ITRx_SetConfig
                0x0000000008001f9c       0x32 ./Drivers/STM32F0xx_HAL_Driver/Src/stm32f0xx_hal_tim.o
 *fill*         0x0000000008001fce        0x2 
 .text.TIM_ETR_SetConfig
                0x0000000008001fd0       0x40 ./Drivers/STM32F0xx_HAL_Driver/Src/stm32f0xx_hal_tim.o
                0x0000000008001fd0                TIM_ETR_SetConfig
 .text.HAL_TIMEx_MasterConfigSynchronization
                0x0000000008002010       0xbc ./Drivers/STM32F0xx_HAL_Driver/Src/stm32f0xx_hal_tim_ex.o
                0x0000000008002010                HAL_TIMEx_MasterConfigSynchronization
 .text.HAL_UART_Init
                0x00000000080020cc       0xa8 ./Drivers/STM32F0xx_HAL_Driver/Src/stm32f0xx_hal_uart.o
                0x00000000080020cc                HAL_UART_Init
 .text.HAL_UART_DeInit
                0x0000000008002174       0x7c ./Drivers/STM32F0xx_HAL_Driver/Src/stm32f0xx_hal_uart.o
                0x0000000008002174                HAL_UART_DeInit
 .text.HAL_UART_Transmit
                0x00000000080021f0      0x140 ./Drivers/STM32F0xx_HAL_Driver/Src/stm32f0xx_hal_uart.o
                0x00000000080021f0                HAL_UART_Transmit
 .text.HAL_UART_Receive
                0x0000000008002330      0x1a8 ./Drivers/STM32F0xx_HAL_Driver/Src/stm32f0xx_hal_uart.o
                0x0000000008002330                HAL_UART_Receive
 .text.UART_SetConfig
                0x00000000080024d8      0x280 ./Drivers/STM32F0xx_HAL_Driver/Src/stm32f0xx_hal_uart.o
                0x00000000080024d8                UART_SetConfig
 .text.UART_AdvFeatureConfig
                0x0000000008002758      0x168 ./Drivers/STM32F0xx_HAL_Driver/Src/stm32f0xx_hal_uart.o
                0x0000000008002758                UART_AdvFeatureConfig
 .text.UART_CheckIdleState
                0x00000000080028c0      0x150 ./Drivers/STM32F0xx_HAL_Driver/Src/stm32f0xx_hal_uart.o
                0x00000000080028c0                UART_CheckIdleState
 .text.UART_WaitOnFlagUntilTimeout
                0x0000000008002a10       0xd2 ./Drivers/STM32F0xx_HAL_Driver/Src/stm32f0xx_hal_uart.o
                0x0000000008002a10                UART_WaitOnFlagUntilTimeout
 *fill*         0x0000000008002ae2        0x2 
 .text.UART_EndRxTransfer
                0x0000000008002ae4       0xc8 ./Drivers/STM32F0xx_HAL_Driver/Src/stm32f0xx_hal_uart.o
 .text.__libc_init_array
                0x0000000008002bac       0x48 c:/st/stm32cubeide_1.12.0/stm32cubeide/plugins/com.st.stm32cube.ide.mcu.externaltools.gnu-tools-for-stm32.10.3-2021.10.win32_1.0.200.202301161003/tools/bin/../lib/gcc/arm-none-eabi/10.3.1/../../../../arm-none-eabi/lib/thumb/v6-m/nofp\libc_nano.a(lib_a-init.o)
                0x0000000008002bac                __libc_init_array
 .text.memset   0x0000000008002bf4       0x10 c:/st/stm32cubeide_1.12.0/stm32cubeide/plugins/com.st.stm32cube.ide.mcu.externaltools.gnu-tools-for-stm32.10.3-2021.10.win32_1.0.200.202301161003/tools/bin/../lib/gcc/arm-none-eabi/10.3.1/../../../../arm-none-eabi/lib/thumb/v6-m/nofp\libc_nano.a(lib_a-memset.o)
                0x0000000008002bf4                memset
 *(.glue_7)
 .glue_7        0x0000000008002c04        0x0 linker stubs
 *(.glue_7t)
 .glue_7t       0x0000000008002c04        0x0 linker stubs
 *(.eh_frame)
 .eh_frame      0x0000000008002c04        0x0 c:/st/stm32cubeide_1.12.0/stm32cubeide/plugins/com.st.stm32cube.ide.mcu.externaltools.gnu-tools-for-stm32.10.3-2021.10.win32_1.0.200.202301161003/tools/bin/../lib/gcc/arm-none-eabi/10.3.1/thumb/v6-m/nofp/crtbegin.o
 *(.init)
 .init          0x0000000008002c04        0x4 c:/st/stm32cubeide_1.12.0/stm32cubeide/plugins/com.st.stm32cube.ide.mcu.externaltools.gnu-tools-for-stm32.10.3-2021.10.win32_1.0.200.202301161003/tools/bin/../lib/gcc/arm-none-eabi/10.3.1/thumb/v6-m/nofp/crti.o
                0x0000000008002c04                _init
 .init          0x0000000008002c08        0x8 c:/st/stm32cubeide_1.12.0/stm32cubeide/plugins/com.st.stm32cube.ide.mcu.externaltools.gnu-tools-for-stm32.10.3-2021.10.win32_1.0.200.202301161003/tools/bin/../lib/gcc/arm-none-eabi/10.3.1/thumb/v6-m/nofp/crtn.o
 *(.fini)
 .fini          0x0000000008002c10        0x4 c:/st/stm32cubeide_1.12.0/stm32cubeide/plugins/com.st.stm32cube.ide.mcu.externaltools.gnu-tools-for-stm32.10.3-2021.10.win32_1.0.200.202301161003/tools/bin/../lib/gcc/arm-none-eabi/10.3.1/thumb/v6-m/nofp/crti.o
                0x0000000008002c10                _fini
 .fini          0x0000000008002c14        0x8 c:/st/stm32cubeide_1.12.0/stm32cubeide/plugins/com.st.stm32cube.ide.mcu.externaltools.gnu-tools-for-stm32.10.3-2021.10.win32_1.0.200.202301161003/tools/bin/../lib/gcc/arm-none-eabi/10.3.1/thumb/v6-m/nofp/crtn.o
                0x0000000008002c1c                . = ALIGN (0x4)
                0x0000000008002c1c                _etext = .

.vfp11_veneer   0x0000000008002c1c        0x0
 .vfp11_veneer  0x0000000008002c1c        0x0 linker stubs

.v4_bx          0x0000000008002c1c        0x0
 .v4_bx         0x0000000008002c1c        0x0 linker stubs

.iplt           0x0000000008002c1c        0x0
 .iplt          0x0000000008002c1c        0x0 c:/st/stm32cubeide_1.12.0/stm32cubeide/plugins/com.st.stm32cube.ide.mcu.externaltools.gnu-tools-for-stm32.10.3-2021.10.win32_1.0.200.202301161003/tools/bin/../lib/gcc/arm-none-eabi/10.3.1/thumb/v6-m/nofp/crtbegin.o

.rodata         0x0000000008002c1c       0x38
                0x0000000008002c1c                . = ALIGN (0x4)
 *(.rodata)
 *(.rodata*)
 .rodata.AHBPrescTable
                0x0000000008002c1c       0x10 ./Core/Src/system_stm32f0xx.o
                0x0000000008002c1c                AHBPrescTable
 .rodata.APBPrescTable
                0x0000000008002c2c        0x8 ./Core/Src/system_stm32f0xx.o
                0x0000000008002c2c                APBPrescTable
 .rodata.aPLLMULFactorTable.1
                0x0000000008002c34       0x10 ./Drivers/STM32F0xx_HAL_Driver/Src/stm32f0xx_hal_rcc.o
 .rodata.aPredivFactorTable.0
                0x0000000008002c44       0x10 ./Drivers/STM32F0xx_HAL_Driver/Src/stm32f0xx_hal_rcc.o
                0x0000000008002c54                . = ALIGN (0x4)

.rel.dyn        0x0000000008002c54        0x0
 .rel.iplt      0x0000000008002c54        0x0 c:/st/stm32cubeide_1.12.0/stm32cubeide/plugins/com.st.stm32cube.ide.mcu.externaltools.gnu-tools-for-stm32.10.3-2021.10.win32_1.0.200.202301161003/tools/bin/../lib/gcc/arm-none-eabi/10.3.1/thumb/v6-m/nofp/crtbegin.o

.ARM.extab      0x0000000008002c54        0x0
                0x0000000008002c54                . = ALIGN (0x4)
 *(.ARM.extab* .gnu.linkonce.armextab.*)
                0x0000000008002c54                . = ALIGN (0x4)

.ARM            0x0000000008002c54        0x0
                0x0000000008002c54                . = ALIGN (0x4)
                0x0000000008002c54                __exidx_start = .
 *(.ARM.exidx*)
                0x0000000008002c54                __exidx_end = .
                0x0000000008002c54                . = ALIGN (0x4)

.preinit_array  0x0000000008002c54        0x0
                0x0000000008002c54                . = ALIGN (0x4)
                0x0000000008002c54                PROVIDE (__preinit_array_start = .)
 *(.preinit_array*)
                0x0000000008002c54                PROVIDE (__preinit_array_end = .)
                0x0000000008002c54                . = ALIGN (0x4)

.init_array     0x0000000008002c54        0x4
                0x0000000008002c54                . = ALIGN (0x4)
                0x0000000008002c54                PROVIDE (__init_array_start = .)
 *(SORT_BY_NAME(.init_array.*))
 *(.init_array*)
 .init_array    0x0000000008002c54        0x4 c:/st/stm32cubeide_1.12.0/stm32cubeide/plugins/com.st.stm32cube.ide.mcu.externaltools.gnu-tools-for-stm32.10.3-2021.10.win32_1.0.200.202301161003/tools/bin/../lib/gcc/arm-none-eabi/10.3.1/thumb/v6-m/nofp/crtbegin.o
                0x0000000008002c58                PROVIDE (__init_array_end = .)
                0x0000000008002c58                . = ALIGN (0x4)

.fini_array     0x0000000008002c58        0x4
                0x0000000008002c58                . = ALIGN (0x4)
                [!provide]                        PROVIDE (__fini_array_start = .)
 *(SORT_BY_NAME(.fini_array.*))
 *(.fini_array*)
 .fini_array    0x0000000008002c58        0x4 c:/st/stm32cubeide_1.12.0/stm32cubeide/plugins/com.st.stm32cube.ide.mcu.externaltools.gnu-tools-for-stm32.10.3-2021.10.win32_1.0.200.202301161003/tools/bin/../lib/gcc/arm-none-eabi/10.3.1/thumb/v6-m/nofp/crtbegin.o
                [!provide]                        PROVIDE (__fini_array_end = .)
                0x0000000008002c5c                . = ALIGN (0x4)
                0x0000000008002c5c                _sidata = LOADADDR (.data)

.data           0x0000000020000000        0xc load address 0x0000000008002c5c
                0x0000000020000000                . = ALIGN (0x4)
                0x0000000020000000                _sdata = .
 *(.data)
 *(.data*)
 .data.SystemCoreClock
                0x0000000020000000        0x4 ./Core/Src/system_stm32f0xx.o
                0x0000000020000000                SystemCoreClock
 .data.uwTickPrio
                0x0000000020000004        0x4 ./Drivers/STM32F0xx_HAL_Driver/Src/stm32f0xx_hal.o
                0x0000000020000004                uwTickPrio
 .data.uwTickFreq
                0x0000000020000008        0x1 ./Drivers/STM32F0xx_HAL_Driver/Src/stm32f0xx_hal.o
                0x0000000020000008                uwTickFreq
 *(.RamFunc)
 *(.RamFunc*)
                0x000000002000000c                . = ALIGN (0x4)
 *fill*         0x0000000020000009        0x3 
                0x000000002000000c                _edata = .

.igot.plt       0x000000002000000c        0x0 load address 0x0000000008002c68
 .igot.plt      0x000000002000000c        0x0 c:/st/stm32cubeide_1.12.0/stm32cubeide/plugins/com.st.stm32cube.ide.mcu.externaltools.gnu-tools-for-stm32.10.3-2021.10.win32_1.0.200.202301161003/tools/bin/../lib/gcc/arm-none-eabi/10.3.1/thumb/v6-m/nofp/crtbegin.o
                0x000000002000000c                . = ALIGN (0x4)

.bss            0x000000002000000c      0x178 load address 0x0000000008002c68
                0x000000002000000c                _sbss = .
                0x000000002000000c                __bss_start__ = _sbss
 *(.bss)
 .bss           0x000000002000000c       0x1c c:/st/stm32cubeide_1.12.0/stm32cubeide/plugins/com.st.stm32cube.ide.mcu.externaltools.gnu-tools-for-stm32.10.3-2021.10.win32_1.0.200.202301161003/tools/bin/../lib/gcc/arm-none-eabi/10.3.1/thumb/v6-m/nofp/crtbegin.o
 *(.bss*)
 .bss.htim2     0x0000000020000028       0x48 ./Core/Src/main.o
                0x0000000020000028                htim2
 .bss.huart1    0x0000000020000070       0x88 ./Core/Src/main.o
                0x0000000020000070                huart1
 .bss.huart2    0x00000000200000f8       0x88 ./Core/Src/main.o
                0x00000000200000f8                huart2
 .bss.uwTick    0x0000000020000180        0x4 ./Drivers/STM32F0xx_HAL_Driver/Src/stm32f0xx_hal.o
                0x0000000020000180                uwTick
 *(COMMON)
                0x0000000020000184                . = ALIGN (0x4)
                0x0000000020000184                _ebss = .
                0x0000000020000184                __bss_end__ = _ebss

._user_heap_stack
                0x0000000020000184      0x604 load address 0x0000000008002c68
                0x0000000020000188                . = ALIGN (0x8)
 *fill*         0x0000000020000184        0x4 
                [!provide]                        PROVIDE (end = .)
                0x0000000020000188                PROVIDE (_end = .)
                0x0000000020000388                . = (. + _Min_Heap_Size)
 *fill*         0x0000000020000188      0x200 
                0x0000000020000788                . = (. + _Min_Stack_Size)
 *fill*         0x0000000020000388      0x400 
                0x0000000020000788                . = ALIGN (0x8)

/DISCARD/
 libc.a(*)
 libm.a(*)
 libgcc.a(*)

.ARM.attributes
                0x0000000000000000       0x28
 *(.ARM.attributes)
 .ARM.attributes
                0x0000000000000000       0x1e c:/st/stm32cubeide_1.12.0/stm32cubeide/plugins/com.st.stm32cube.ide.mcu.externaltools.gnu-tools-for-stm32.10.3-2021.10.win32_1.0.200.202301161003/tools/bin/../lib/gcc/arm-none-eabi/10.3.1/thumb/v6-m/nofp/crti.o
 .ARM.attributes
                0x000000000000001e       0x2c c:/st/stm32cubeide_1.12.0/stm32cubeide/plugins/com.st.stm32cube.ide.mcu.externaltools.gnu-tools-for-stm32.10.3-2021.10.win32_1.0.200.202301161003/tools/bin/../lib/gcc/arm-none-eabi/10.3.1/thumb/v6-m/nofp/crtbegin.o
 .ARM.attributes
                0x000000000000004a       0x2c ./Core/Src/main.o
 .ARM.attributes
                0x0000000000000076       0x2c ./Core/Src/stm32f0xx_hal_msp.o
 .ARM.attributes
                0x00000000000000a2       0x2c ./Core/Src/stm32f0xx_it.o
 .ARM.attributes
                0x00000000000000ce       0x2c ./Core/Src/system_stm32f0xx.o
 .ARM.attributes
                0x00000000000000fa       0x21 ./Core/Startup/startup_stm32f051r8tx.o
 .ARM.attributes
                0x000000000000011b       0x2c ./Drivers/STM32F0xx_HAL_Driver/Src/stm32f0xx_hal.o
 .ARM.attributes
                0x0000000000000147       0x2c ./Drivers/STM32F0xx_HAL_Driver/Src/stm32f0xx_hal_cortex.o
 .ARM.attributes
                0x0000000000000173       0x2c ./Drivers/STM32F0xx_HAL_Driver/Src/stm32f0xx_hal_gpio.o
 .ARM.attributes
                0x000000000000019f       0x2c ./Drivers/STM32F0xx_HAL_Driver/Src/stm32f0xx_hal_rcc.o
 .ARM.attributes
                0x00000000000001cb       0x2c ./Drivers/STM32F0xx_HAL_Driver/Src/stm32f0xx_hal_rcc_ex.o
 .ARM.attributes
                0x00000000000001f7       0x2c ./Drivers/STM32F0xx_HAL_Driver/Src/stm32f0xx_hal_tim.o
 .ARM.attributes
                0x0000000000000223       0x2c ./Drivers/STM32F0xx_HAL_Driver/Src/stm32f0xx_hal_tim_ex.o
 .ARM.attributes
                0x000000000000024f       0x2c ./Drivers/STM32F0xx_HAL_Driver/Src/stm32f0xx_hal_uart.o
 .ARM.attributes
                0x000000000000027b       0x2c c:/st/stm32cubeide_1.12.0/stm32cubeide/plugins/com.st.stm32cube.ide.mcu.externaltools.gnu-tools-for-stm32.10.3-2021.10.win32_1.0.200.202301161003/tools/bin/../lib/gcc/arm-none-eabi/10.3.1/../../../../arm-none-eabi/lib/thumb/v6-m/nofp\libc_nano.a(lib_a-init.o)
 .ARM.attributes
                0x00000000000002a7       0x2c c:/st/stm32cubeide_1.12.0/stm32cubeide/plugins/com.st.stm32cube.ide.mcu.externaltools.gnu-tools-for-stm32.10.3-2021.10.win32_1.0.200.202301161003/tools/bin/../lib/gcc/arm-none-eabi/10.3.1/../../../../arm-none-eabi/lib/thumb/v6-m/nofp\libc_nano.a(lib_a-memset.o)
 .ARM.attributes
                0x00000000000002d3       0x1e c:/st/stm32cubeide_1.12.0/stm32cubeide/plugins/com.st.stm32cube.ide.mcu.externaltools.gnu-tools-for-stm32.10.3-2021.10.win32_1.0.200.202301161003/tools/bin/../lib/gcc/arm-none-eabi/10.3.1/thumb/v6-m/nofp\libgcc.a(_udivsi3.o)
 .ARM.attributes
                0x00000000000002f1       0x1e c:/st/stm32cubeide_1.12.0/stm32cubeide/plugins/com.st.stm32cube.ide.mcu.externaltools.gnu-tools-for-stm32.10.3-2021.10.win32_1.0.200.202301161003/tools/bin/../lib/gcc/arm-none-eabi/10.3.1/thumb/v6-m/nofp\libgcc.a(_dvmd_tls.o)
 .ARM.attributes
                0x000000000000030f       0x1e c:/st/stm32cubeide_1.12.0/stm32cubeide/plugins/com.st.stm32cube.ide.mcu.externaltools.gnu-tools-for-stm32.10.3-2021.10.win32_1.0.200.202301161003/tools/bin/../lib/gcc/arm-none-eabi/10.3.1/thumb/v6-m/nofp/crtn.o
OUTPUT(RDM-DMX-Master.elf elf32-littlearm)
LOAD linker stubs
LOAD c:/st/stm32cubeide_1.12.0/stm32cubeide/plugins/com.st.stm32cube.ide.mcu.externaltools.gnu-tools-for-stm32.10.3-2021.10.win32_1.0.200.202301161003/tools/bin/../lib/gcc/arm-none-eabi/10.3.1/../../../../arm-none-eabi/lib/thumb/v6-m/nofp\libc.a
LOAD c:/st/stm32cubeide_1.12.0/stm32cubeide/plugins/com.st.stm32cube.ide.mcu.externaltools.gnu-tools-for-stm32.10.3-2021.10.win32_1.0.200.202301161003/tools/bin/../lib/gcc/arm-none-eabi/10.3.1/../../../../arm-none-eabi/lib/thumb/v6-m/nofp\libm.a
LOAD c:/st/stm32cubeide_1.12.0/stm32cubeide/plugins/com.st.stm32cube.ide.mcu.externaltools.gnu-tools-for-stm32.10.3-2021.10.win32_1.0.200.202301161003/tools/bin/../lib/gcc/arm-none-eabi/10.3.1/thumb/v6-m/nofp\libgcc.a

.debug_info     0x0000000000000000     0xc156
 .debug_info    0x0000000000000000     0x11da ./Core/Src/main.o
 .debug_info    0x00000000000011da      0xd48 ./Core/Src/stm32f0xx_hal_msp.o
 .debug_info    0x0000000000001f22       0xda ./Core/Src/stm32f0xx_it.o
 .debug_info    0x0000000000001ffc      0x269 ./Core/Src/system_stm32f0xx.o
 .debug_info    0x0000000000002265       0x22 ./Core/Startup/startup_stm32f051r8tx.o
 .debug_info    0x0000000000002287      0x6de ./Drivers/STM32F0xx_HAL_Driver/Src/stm32f0xx_hal.o
 .debug_info    0x0000000000002965      0x711 ./Drivers/STM32F0xx_HAL_Driver/Src/stm32f0xx_hal_cortex.o
 .debug_info    0x0000000000003076      0x620 ./Drivers/STM32F0xx_HAL_Driver/Src/stm32f0xx_hal_gpio.o
 .debug_info    0x0000000000003696      0x8a3 ./Drivers/STM32F0xx_HAL_Driver/Src/stm32f0xx_hal_rcc.o
 .debug_info    0x0000000000003f39      0x389 ./Drivers/STM32F0xx_HAL_Driver/Src/stm32f0xx_hal_rcc_ex.o
 .debug_info    0x00000000000042c2     0x2ba1 ./Drivers/STM32F0xx_HAL_Driver/Src/stm32f0xx_hal_tim.o
 .debug_info    0x0000000000006e63     0x15bd ./Drivers/STM32F0xx_HAL_Driver/Src/stm32f0xx_hal_tim_ex.o
 .debug_info    0x0000000000008420     0x3d36 ./Drivers/STM32F0xx_HAL_Driver/Src/stm32f0xx_hal_uart.o

.debug_abbrev   0x0000000000000000     0x187d
 .debug_abbrev  0x0000000000000000      0x2f1 ./Core/Src/main.o
 .debug_abbrev  0x00000000000002f1      0x1ca ./Core/Src/stm32f0xx_hal_msp.o
 .debug_abbrev  0x00000000000004bb       0x74 ./Core/Src/stm32f0xx_it.o
 .debug_abbrev  0x000000000000052f      0x116 ./Core/Src/system_stm32f0xx.o
 .debug_abbrev  0x0000000000000645       0x12 ./Core/Startup/startup_stm32f051r8tx.o
 .debug_abbrev  0x0000000000000657      0x23f ./Drivers/STM32F0xx_HAL_Driver/Src/stm32f0xx_hal.o
 .debug_abbrev  0x0000000000000896      0x283 ./Drivers/STM32F0xx_HAL_Driver/Src/stm32f0xx_hal_cortex.o
 .debug_abbrev  0x0000000000000b19      0x1bb ./Drivers/STM32F0xx_HAL_Driver/Src/stm32f0xx_hal_gpio.o
 .debug_abbrev  0x0000000000000cd4      0x283 ./Drivers/STM32F0xx_HAL_Driver/Src/stm32f0xx_hal_rcc.o
 .debug_abbrev  0x0000000000000f57      0x169 ./Drivers/STM32F0xx_HAL_Driver/Src/stm32f0xx_hal_rcc_ex.o
 .debug_abbrev  0x00000000000010c0      0x275 ./Drivers/STM32F0xx_HAL_Driver/Src/stm32f0xx_hal_tim.o
 .debug_abbrev  0x0000000000001335      0x27d ./Drivers/STM32F0xx_HAL_Driver/Src/stm32f0xx_hal_tim_ex.o
 .debug_abbrev  0x00000000000015b2      0x2cb ./Drivers/STM32F0xx_HAL_Driver/Src/stm32f0xx_hal_uart.o

.debug_aranges  0x0000000000000000      0xb30
 .debug_aranges
                0x0000000000000000       0x68 ./Core/Src/main.o
 .debug_aranges
                0x0000000000000068       0x40 ./Core/Src/stm32f0xx_hal_msp.o
 .debug_aranges
                0x00000000000000a8       0x40 ./Core/Src/stm32f0xx_it.o
 .debug_aranges
                0x00000000000000e8       0x28 ./Core/Src/system_stm32f0xx.o
 .debug_aranges
                0x0000000000000110       0x28 ./Core/Startup/startup_stm32f051r8tx.o
 .debug_aranges
                0x0000000000000138       0xd0 ./Drivers/STM32F0xx_HAL_Driver/Src/stm32f0xx_hal.o
 .debug_aranges
                0x0000000000000208       0xc0 ./Drivers/STM32F0xx_HAL_Driver/Src/stm32f0xx_hal_cortex.o
 .debug_aranges
                0x00000000000002c8       0x58 ./Drivers/STM32F0xx_HAL_Driver/Src/stm32f0xx_hal_gpio.o
 .debug_aranges
                0x0000000000000320       0x80 ./Drivers/STM32F0xx_HAL_Driver/Src/stm32f0xx_hal_rcc.o
 .debug_aranges
                0x00000000000003a0       0x30 ./Drivers/STM32F0xx_HAL_Driver/Src/stm32f0xx_hal_rcc_ex.o
 .debug_aranges
                0x00000000000003d0      0x3d0 ./Drivers/STM32F0xx_HAL_Driver/Src/stm32f0xx_hal_tim.o
 .debug_aranges
                0x00000000000007a0      0x168 ./Drivers/STM32F0xx_HAL_Driver/Src/stm32f0xx_hal_tim_ex.o
 .debug_aranges
                0x0000000000000908      0x228 ./Drivers/STM32F0xx_HAL_Driver/Src/stm32f0xx_hal_uart.o

.debug_ranges   0x0000000000000000      0xa98
 .debug_ranges  0x0000000000000000       0x58 ./Core/Src/main.o
 .debug_ranges  0x0000000000000058       0x30 ./Core/Src/stm32f0xx_hal_msp.o
 .debug_ranges  0x0000000000000088       0x30 ./Core/Src/stm32f0xx_it.o
 .debug_ranges  0x00000000000000b8       0x18 ./Core/Src/system_stm32f0xx.o
 .debug_ranges  0x00000000000000d0       0x20 ./Core/Startup/startup_stm32f051r8tx.o
 .debug_ranges  0x00000000000000f0       0xc0 ./Drivers/STM32F0xx_HAL_Driver/Src/stm32f0xx_hal.o
 .debug_ranges  0x00000000000001b0       0xb0 ./Drivers/STM32F0xx_HAL_Driver/Src/stm32f0xx_hal_cortex.o
 .debug_ranges  0x0000000000000260       0x48 ./Drivers/STM32F0xx_HAL_Driver/Src/stm32f0xx_hal_gpio.o
 .debug_ranges  0x00000000000002a8       0x70 ./Drivers/STM32F0xx_HAL_Driver/Src/stm32f0xx_hal_rcc.o
 .debug_ranges  0x0000000000000318       0x20 ./Drivers/STM32F0xx_HAL_Driver/Src/stm32f0xx_hal_rcc_ex.o
 .debug_ranges  0x0000000000000338      0x3c0 ./Drivers/STM32F0xx_HAL_Driver/Src/stm32f0xx_hal_tim.o
 .debug_ranges  0x00000000000006f8      0x158 ./Drivers/STM32F0xx_HAL_Driver/Src/stm32f0xx_hal_tim_ex.o
 .debug_ranges  0x0000000000000850      0x248 ./Drivers/STM32F0xx_HAL_Driver/Src/stm32f0xx_hal_uart.o

.debug_macro    0x0000000000000000     0x1acd
 .debug_macro   0x0000000000000000      0x37e ./Core/Src/main.o
 .debug_macro   0x000000000000037e       0x8e ./Core/Src/main.o
 .debug_macro   0x000000000000040c       0x51 ./Core/Src/main.o
 .debug_macro   0x000000000000045d      0x174 ./Core/Src/main.o
 .debug_macro   0x00000000000005d1       0x55 ./Core/Src/main.o
 .debug_macro   0x0000000000000626       0x7c ./Core/Src/main.o
 .debug_macro   0x00000000000006a2       0x52 ./Core/Src/main.o
 .debug_macro   0x00000000000006f4      0x1d1 ./Core/Src/stm32f0xx_hal_msp.o
 .debug_macro   0x00000000000008c5      0x1db ./Core/Src/stm32f0xx_it.o
 .debug_macro   0x0000000000000aa0      0x1c2 ./Core/Src/system_stm32f0xx.o
 .debug_macro   0x0000000000000c62      0x1e6 ./Drivers/STM32F0xx_HAL_Driver/Src/stm32f0xx_hal.o
 .debug_macro   0x0000000000000e48      0x1c2 ./Drivers/STM32F0xx_HAL_Driver/Src/stm32f0xx_hal_cortex.o
 .debug_macro   0x000000000000100a      0x1c9 ./Drivers/STM32F0xx_HAL_Driver/Src/stm32f0xx_hal_gpio.o
 .debug_macro   0x00000000000011d3      0x1d4 ./Drivers/STM32F0xx_HAL_Driver/Src/stm32f0xx_hal_rcc.o
 .debug_macro   0x00000000000013a7      0x1c2 ./Drivers/STM32F0xx_HAL_Driver/Src/stm32f0xx_hal_rcc_ex.o
 .debug_macro   0x0000000000001569      0x1c3 ./Drivers/STM32F0xx_HAL_Driver/Src/stm32f0xx_hal_tim.o
 .debug_macro   0x000000000000172c      0x1c2 ./Drivers/STM32F0xx_HAL_Driver/Src/stm32f0xx_hal_tim_ex.o
 .debug_macro   0x00000000000018ee      0x1df ./Drivers/STM32F0xx_HAL_Driver/Src/stm32f0xx_hal_uart.o

.debug_line     0x0000000000000000     0xd191
 .debug_line    0x0000000000000000      0xae5 ./Core/Src/main.o
 .debug_line    0x0000000000000ae5      0x796 ./Core/Src/stm32f0xx_hal_msp.o
 .debug_line    0x000000000000127b      0x744 ./Core/Src/stm32f0xx_it.o
 .debug_line    0x00000000000019bf      0x74f ./Core/Src/system_stm32f0xx.o
 .debug_line    0x000000000000210e       0x89 ./Core/Startup/startup_stm32f051r8tx.o
 .debug_line    0x0000000000002197      0x95a ./Drivers/STM32F0xx_HAL_Driver/Src/stm32f0xx_hal.o
 .debug_line    0x0000000000002af1      0xa06 ./Drivers/STM32F0xx_HAL_Driver/Src/stm32f0xx_hal_cortex.o
 .debug_line    0x00000000000034f7      0xad5 ./Drivers/STM32F0xx_HAL_Driver/Src/stm32f0xx_hal_gpio.o
 .debug_line    0x0000000000003fcc      0xd42 ./Drivers/STM32F0xx_HAL_Driver/Src/stm32f0xx_hal_rcc.o
 .debug_line    0x0000000000004d0e      0x900 ./Drivers/STM32F0xx_HAL_Driver/Src/stm32f0xx_hal_rcc_ex.o
 .debug_line    0x000000000000560e     0x369f ./Drivers/STM32F0xx_HAL_Driver/Src/stm32f0xx_hal_tim.o
 .debug_line    0x0000000000008cad     0x18fe ./Drivers/STM32F0xx_HAL_Driver/Src/stm32f0xx_hal_tim_ex.o
 .debug_line    0x000000000000a5ab     0x2be6 ./Drivers/STM32F0xx_HAL_Driver/Src/stm32f0xx_hal_uart.o

.debug_str      0x0000000000000000    0x711d2
 .debug_str     0x0000000000000000    0x6eaa4 ./Core/Src/main.o
                                      0x6ee61 (size before relaxing)
 .debug_str     0x000000000006eaa4       0x8c ./Core/Src/stm32f0xx_hal_msp.o
                                      0x6ab0e (size before relaxing)
 .debug_str     0x000000000006eb30       0x82 ./Core/Src/stm32f0xx_it.o
                                      0x6a2f9 (size before relaxing)
 .debug_str     0x000000000006ebb2       0x8b ./Core/Src/system_stm32f0xx.o
                                      0x6a1bc (size before relaxing)
 .debug_str     0x000000000006ec3d       0x36 ./Core/Startup/startup_stm32f051r8tx.o
                                         0x5f (size before relaxing)
 .debug_str     0x000000000006ec73      0x4e1 ./Drivers/STM32F0xx_HAL_Driver/Src/stm32f0xx_hal.o
                                      0x6a782 (size before relaxing)
 .debug_str     0x000000000006f154      0x1be ./Drivers/STM32F0xx_HAL_Driver/Src/stm32f0xx_hal_cortex.o
                                      0x6a573 (size before relaxing)
 .debug_str     0x000000000006f312      0x113 ./Drivers/STM32F0xx_HAL_Driver/Src/stm32f0xx_hal_gpio.o
                                      0x6a35d (size before relaxing)
 .debug_str     0x000000000006f425      0x21a ./Drivers/STM32F0xx_HAL_Driver/Src/stm32f0xx_hal_rcc.o
                                      0x6a5f8 (size before relaxing)
 .debug_str     0x000000000006f63f       0x97 ./Drivers/STM32F0xx_HAL_Driver/Src/stm32f0xx_hal_rcc_ex.o
                                      0x6a317 (size before relaxing)
 .debug_str     0x000000000006f6d6      0xe09 ./Drivers/STM32F0xx_HAL_Driver/Src/stm32f0xx_hal_tim.o
                                      0x6b5c2 (size before relaxing)
 .debug_str     0x00000000000704df      0x493 ./Drivers/STM32F0xx_HAL_Driver/Src/stm32f0xx_hal_tim_ex.o
                                      0x6adde (size before relaxing)
 .debug_str     0x0000000000070972      0x860 ./Drivers/STM32F0xx_HAL_Driver/Src/stm32f0xx_hal_uart.o
                                      0x6af20 (size before relaxing)

.comment        0x0000000000000000       0x50
 .comment       0x0000000000000000       0x50 ./Core/Src/main.o
                                         0x51 (size before relaxing)
 .comment       0x0000000000000050       0x51 ./Core/Src/stm32f0xx_hal_msp.o
 .comment       0x0000000000000050       0x51 ./Core/Src/stm32f0xx_it.o
 .comment       0x0000000000000050       0x51 ./Core/Src/system_stm32f0xx.o
 .comment       0x0000000000000050       0x51 ./Drivers/STM32F0xx_HAL_Driver/Src/stm32f0xx_hal.o
 .comment       0x0000000000000050       0x51 ./Drivers/STM32F0xx_HAL_Driver/Src/stm32f0xx_hal_cortex.o
 .comment       0x0000000000000050       0x51 ./Drivers/STM32F0xx_HAL_Driver/Src/stm32f0xx_hal_gpio.o
 .comment       0x0000000000000050       0x51 ./Drivers/STM32F0xx_HAL_Driver/Src/stm32f0xx_hal_rcc.o
 .comment       0x0000000000000050       0x51 ./Drivers/STM32F0xx_HAL_Driver/Src/stm32f0xx_hal_rcc_ex.o
 .comment       0x0000000000000050       0x51 ./Drivers/STM32F0xx_HAL_Driver/Src/stm32f0xx_hal_tim.o
 .comment       0x0000000000000050       0x51 ./Drivers/STM32F0xx_HAL_Driver/Src/stm32f0xx_hal_tim_ex.o
 .comment       0x0000000000000050       0x51 ./Drivers/STM32F0xx_HAL_Driver/Src/stm32f0xx_hal_uart.o

.debug_frame    0x0000000000000000     0x2854
 .debug_frame   0x0000000000000000      0x144 ./Core/Src/main.o
 .debug_frame   0x0000000000000144       0xb0 ./Core/Src/stm32f0xx_hal_msp.o
 .debug_frame   0x00000000000001f4       0x9c ./Core/Src/stm32f0xx_it.o
 .debug_frame   0x0000000000000290       0x4c ./Core/Src/system_stm32f0xx.o
 .debug_frame   0x00000000000002dc      0x2a4 ./Drivers/STM32F0xx_HAL_Driver/Src/stm32f0xx_hal.o
 .debug_frame   0x0000000000000580      0x2a0 ./Drivers/STM32F0xx_HAL_Driver/Src/stm32f0xx_hal_cortex.o
 .debug_frame   0x0000000000000820      0x110 ./Drivers/STM32F0xx_HAL_Driver/Src/stm32f0xx_hal_gpio.o
 .debug_frame   0x0000000000000930      0x198 ./Drivers/STM32F0xx_HAL_Driver/Src/stm32f0xx_hal_rcc.o
 .debug_frame   0x0000000000000ac8       0x70 ./Drivers/STM32F0xx_HAL_Driver/Src/stm32f0xx_hal_rcc_ex.o
 .debug_frame   0x0000000000000b38      0xf00 ./Drivers/STM32F0xx_HAL_Driver/Src/stm32f0xx_hal_tim.o
 .debug_frame   0x0000000000001a38      0x560 ./Drivers/STM32F0xx_HAL_Driver/Src/stm32f0xx_hal_tim_ex.o
 .debug_frame   0x0000000000001f98      0x850 ./Drivers/STM32F0xx_HAL_Driver/Src/stm32f0xx_hal_uart.o
 .debug_frame   0x00000000000027e8       0x2c c:/st/stm32cubeide_1.12.0/stm32cubeide/plugins/com.st.stm32cube.ide.mcu.externaltools.gnu-tools-for-stm32.10.3-2021.10.win32_1.0.200.202301161003/tools/bin/../lib/gcc/arm-none-eabi/10.3.1/../../../../arm-none-eabi/lib/thumb/v6-m/nofp\libc_nano.a(lib_a-init.o)
 .debug_frame   0x0000000000002814       0x20 c:/st/stm32cubeide_1.12.0/stm32cubeide/plugins/com.st.stm32cube.ide.mcu.externaltools.gnu-tools-for-stm32.10.3-2021.10.win32_1.0.200.202301161003/tools/bin/../lib/gcc/arm-none-eabi/10.3.1/../../../../arm-none-eabi/lib/thumb/v6-m/nofp\libc_nano.a(lib_a-memset.o)
 .debug_frame   0x0000000000002834       0x20 c:/st/stm32cubeide_1.12.0/stm32cubeide/plugins/com.st.stm32cube.ide.mcu.externaltools.gnu-tools-for-stm32.10.3-2021.10.win32_1.0.200.202301161003/tools/bin/../lib/gcc/arm-none-eabi/10.3.1/thumb/v6-m/nofp\libgcc.a(_udivsi3.o)
