../Core/Src/main.c:117:6:HAL_UART_RxCpltCallback	24	static
../Core/Src/main.c:157:6:HAL_UART_TxCpltCallback	16	static
../Core/Src/main.c:175:5:main	32	static
../Core/Src/main.c:321:6:SystemClock_Config	104	static
../Core/Src/main.c:367:13:MX_TIM2_Init	32	static
../Core/Src/main.c:412:13:MX_TIM17_Init	8	static
../Core/Src/main.c:444:13:MX_USART1_UART_Init	8	static
../Core/Src/main.c:479:13:MX_USART2_UART_Init	8	static
../Core/Src/main.c:512:13:MX_DMA_Init	16	static
../Core/Src/main.c:533:13:MX_GPIO_Init	48	static
../Core/Src/main.c:576:13:DMX_GPIO_Init	64	static
../Core/Src/main.c:595:6:DMX_SendHandler	8	static
../Core/Src/main.c:653:6:HAL_TIM_PeriodElapsedCallback	16	static
../Core/Src/main.c:664:6:startTiming	8	static
../Core/Src/main.c:669:6:stopTiming	8	static
../Core/Src/main.c:678:6:Error_Handler	8	static,ignoring_inline_asm
