../Core/Src/main.c:129:6:HAL_UART_RxCpltCallback	24	static
../Core/Src/main.c:220:6:HAL_UART_TxCpltCallback	16	static
../Core/Src/main.c:242:5:main	32	static
../Core/Src/main.c:390:6:SystemClock_Config	104	static
../Core/Src/main.c:436:13:MX_TIM2_Init	32	static
../Core/Src/main.c:481:13:MX_TIM14_Init	40	static
../Core/Src/main.c:526:13:MX_TIM17_Init	8	static
../Core/Src/main.c:558:13:MX_USART1_UART_Init	8	static
../Core/Src/main.c:593:13:MX_USART2_UART_Init	8	static
../Core/Src/main.c:626:13:MX_DMA_Init	16	static
../Core/Src/main.c:647:13:MX_GPIO_Init	48	static
../Core/Src/main.c:706:13:DMX_GPIO_Init	64	static
../Core/Src/main.c:725:6:DMX_SendHandler	8	static
../Core/Src/main.c:773:6:HAL_GPIO_EXTI_Callback	32	static
../Core/Src/main.c:810:6:HAL_TIM_PeriodElapsedCallback	16	static
../Core/Src/main.c:819:6:startTiming	8	static
../Core/Src/main.c:824:6:stopTiming	8	static
../Core/Src/main.c:833:6:Error_Handler	8	static,ignoring_inline_asm
