../Core/Src/main.c:480:13:DMX_GPIO_Init	32	static
../Core/Src/main.c:372:13:MX_USART2_UART_Init	8	static,ignoring_inline_asm
../Core/Src/main.c:214:6:SystemClock_Config	104	static,ignoring_inline_asm
../Core/Src/main.c:475:6:delay_us	0	static
../Core/Src/main.c:452:6:DMX_send_command	24	static
../Core/Src/main.c:499:6:DMX_SendHandler	8	static
../Core/Src/main.c:106:5:main	72	static,ignoring_inline_asm
../Core/Src/main.c:546:6:HAL_TIM_PeriodElapsedCallback	0	static
../Core/Src/main.c:557:6:Error_Handler	0	static,ignoring_inline_asm
