../Core/Src/main.c:141:6:HAL_UART_RxCpltCallback	24	static
../Core/Src/main.c:239:6:HAL_UART_TxCpltCallback	16	static
../Core/Src/main.c:264:5:main	32	static
../Core/Src/main.c:427:6:SystemClock_Config	104	static
../Core/Src/main.c:473:13:MX_TIM2_Init	32	static
../Core/Src/main.c:518:13:MX_TIM14_Init	40	static
../Core/Src/main.c:563:13:MX_TIM17_Init	8	static
../Core/Src/main.c:595:13:MX_USART1_UART_Init	8	static
../Core/Src/main.c:630:13:MX_USART2_UART_Init	8	static
../Core/Src/main.c:663:13:MX_DMA_Init	16	static
../Core/Src/main.c:684:13:MX_GPIO_Init	48	static
../Core/Src/main.c:743:13:DMX_GPIO_Init	32	static
../Core/Src/main.c:755:13:DMX_GPIO_ToUSART	32	static
../Core/Src/main.c:766:13:DMX_ScheduleTimer	16	static
../Core/Src/main.c:776:17:DMX_GetMarkBeforeBreak	16	static
../Core/Src/main.c:787:17:DMX_GetMarkAfterBreak	16	static
../Core/Src/main.c:798:17:DMX_GetBreakTimeUs	16	static
../Core/Src/main.c:812:13:DMX_DisableTransmitter	16	static
../Core/Src/main.c:819:13:DMX_EnableTransmitter	16	static
../Core/Src/main.c:824:6:DMX_SendHandler	8	static
../Core/Src/main.c:862:6:HAL_GPIO_EXTI_Callback	32	static
../Core/Src/main.c:899:6:HAL_TIM_PeriodElapsedCallback	16	static
../Core/Src/main.c:908:6:startTiming	8	static
../Core/Src/main.c:913:6:stopTiming	8	static
../Core/Src/main.c:922:6:Error_Handler	8	static,ignoring_inline_asm
