../Core/Src/main.c:144:6:HAL_UART_RxCpltCallback	32	static
../Core/Src/main.c:277:6:HAL_UART_TxCpltCallback	16	static
../Core/Src/main.c:302:5:main	40	static
../Core/Src/main.c:485:6:SystemClock_Config	104	static
../Core/Src/main.c:531:13:MX_TIM2_Init	32	static
../Core/Src/main.c:576:13:MX_TIM14_Init	40	static
../Core/Src/main.c:621:13:MX_TIM17_Init	8	static
../Core/Src/main.c:653:13:MX_USART1_UART_Init	8	static
../Core/Src/main.c:688:13:MX_USART2_UART_Init	8	static
../Core/Src/main.c:721:13:MX_DMA_Init	16	static
../Core/Src/main.c:742:13:MX_GPIO_Init	48	static
../Core/Src/main.c:801:13:DMX_GPIO_Init	32	static
../Core/Src/main.c:813:13:DMX_GPIO_ToUSART	32	static
../Core/Src/main.c:824:13:DMX_ScheduleTimer	16	static
../Core/Src/main.c:834:17:DMX_GetMarkBeforeBreak	16	static
../Core/Src/main.c:845:17:DMX_GetMarkAfterBreak	16	static
../Core/Src/main.c:856:17:DMX_GetBreakTimeUs	16	static
../Core/Src/main.c:870:13:DMX_DisableTransmitter	16	static
../Core/Src/main.c:877:13:DMX_EnableTransmitter	16	static
../Core/Src/main.c:882:6:DMX_SendHandler	8	static
../Core/Src/main.c:921:6:HAL_GPIO_EXTI_Callback	32	static
../Core/Src/main.c:958:6:HAL_TIM_PeriodElapsedCallback	16	static
../Core/Src/main.c:967:6:startTiming	8	static
../Core/Src/main.c:972:6:stopTiming	8	static
../Core/Src/main.c:981:6:Error_Handler	8	static,ignoring_inline_asm
