../Core/Src/main.c:105:5:main	56	static
../Core/Src/main.c:214:6:SystemClock_Config	104	static
../Core/Src/main.c:260:13:MX_TIM2_Init	32	static
../Core/Src/main.c:305:13:MX_TIM17_Init	8	static
../Core/Src/main.c:337:13:MX_USART1_UART_Init	8	static
../Core/Src/main.c:372:13:MX_USART2_UART_Init	8	static
../Core/Src/main.c:407:13:MX_GPIO_Init	48	static
../Core/Src/main.c:453:13:DMX_GPIO_Init	64	static
../Core/Src/main.c:472:6:DMX_SendHandler	8	static
../Core/Src/main.c:524:6:HAL_TIM_PeriodElapsedCallback	16	static
../Core/Src/main.c:535:6:Error_Handler	8	static,ignoring_inline_asm
