../Core/Src/main.c:96:5:main	64	static
../Core/Src/main.c:206:6:SystemClock_Config	104	static
../Core/Src/main.c:252:13:MX_TIM2_Init	32	static
../Core/Src/main.c:297:13:MX_TIM17_Init	8	static
../Core/Src/main.c:329:13:MX_USART1_UART_Init	8	static
../Core/Src/main.c:364:13:MX_USART2_UART_Init	8	static
../Core/Src/main.c:399:13:MX_GPIO_Init	48	static
../Core/Src/main.c:444:6:DMX_send_command	16	static
../Core/Src/main.c:467:6:delay_us	16	static
../Core/Src/main.c:472:13:DMX_GPIO_Init	64	static
../Core/Src/main.c:496:6:Error_Handler	8	static,ignoring_inline_asm
