../Core/Src/main.c:593:13:MX_USART2_UART_Init	8	static,ignoring_inline_asm
../Core/Src/main.c:129:6:HAL_UART_RxCpltCallback	32	static
../Core/Src/main.c:220:6:HAL_UART_TxCpltCallback	16	static
../Core/Src/main.c:390:6:SystemClock_Config	104	static,ignoring_inline_asm
../Core/Src/main.c:725:6:DMX_SendHandler	40	static
../Core/Src/main.c:242:5:main	80	static,ignoring_inline_asm
../Core/Src/main.c:773:6:HAL_GPIO_EXTI_Callback	8	static
../Core/Src/main.c:810:6:HAL_TIM_PeriodElapsedCallback	8	static
../Core/Src/main.c:819:6:startTiming	8	static
../Core/Src/main.c:824:6:stopTiming	8	static
../Core/Src/main.c:833:6:Error_Handler	0	static,ignoring_inline_asm
