../Core/Src/main.c:488:13:MX_USART2_UART_Init	8	static,ignoring_inline_asm
../Core/Src/main.c:113:6:HAL_UART_RxCpltCallback	32	static
../Core/Src/main.c:163:6:HAL_UART_TxCpltCallback	16	static
../Core/Src/main.c:330:6:SystemClock_Config	104	static,ignoring_inline_asm
../Core/Src/main.c:595:6:DMX_SendHandler	40	static
../Core/Src/main.c:184:5:main	72	static,ignoring_inline_asm
../Core/Src/main.c:644:6:HAL_TIM_PeriodElapsedCallback	8	static
../Core/Src/main.c:655:6:startTiming	8	static
../Core/Src/main.c:660:6:stopTiming	8	static
../Core/Src/main.c:669:6:Error_Handler	0	static,ignoring_inline_asm
